// Jest Snapshot v1, https://goo.gl/fbAQLP

exports[`Custom Button renders correctly 1`] = `
<button>
  Button
</button>
`;
