// Jest Snapshot v1, https://goo.gl/fbAQLP

exports[`Project Details renders properly with props 1`] = `
<div
  className="container"
>
  <div
    className="imageContainer"
  >
    <img
      alt=""
      src="www.example.com/image"
    />
  </div>
  <div
    className="textContainer"
  >
    <div
      className="header"
    >
      <p
        className="name"
      >
        Test Project
      </p>
      <p
        className="type"
      >
        Software
      </p>
    </div>
    <p
      className="description"
    >
      Test description
    </p>
    <p
      className="link"
    >
      Visit the project 
      <a
        href="www.example.com"
      >
        here
      </a>
    </p>
  </div>
</div>
`;
